from tiivad import *
execute_test(file_name='''lahendus.py''', contains_checks=[{'check_type':'''ANY''', 'nothing_else':None, 'expected_value':[], 'before_message':'''Kontrollin väljakutset''', 'passed_message':'''Kutsus välja''', 'failed_message':'''Ei kutsunud välja''', 'data_category':'''EQUALS''', 'ignore_case':False}], scope='''function''', target='''class_function''', scope_function_name='''peaosa''', scope_class_name='''Koer''', type='''calls_test''', points_weight=1.0, id=1, name='''Funktsioon kutsub välja klassi funktsiooni''', inputs=None, passed_next=None, failed_next=None, visible_to_user=True)
print(Results(None))
