from tiivad import *
execute_test(file_name='''lahendus.py''', contains_checks=[{'check_type':'''ALL_OF_THESE''', 'nothing_else':None, 'expected_value':['''Koer'''], 'before_message':'''Kontrollin klassi''', 'passed_message':'''Klass on defineeritud''', 'failed_message':'''Klassi ei leidnud''', 'data_category':'''EQUALS''', 'ignore_case':False}], scope='''program''', definition_check_type='''CLASS''', scope_function_name=None, scope_class_name=None, definition_check_value='''Koer''', super_class_name='''Loom''', type='''definition_test''', points_weight=1.0, id=1, name='''Programm defineerib Loom alamklassi Koer''', inputs=None, passed_next=None, failed_next=None, visible_to_user=True)
print(Results(None))
