from tiivad import *
execute_test(file_name='''lahendus.py''', contains_checks=[{'check_type':'''ALL_OF_THESE''', 'nothing_else':None, 'expected_value':['''ends with a quote\'''', '''1 4 7 '\'''', ''''\'''', '''ends with a backslash\\''', '''ends with two\\''', '''say "hello" politely''', '''', __import__('os').system('id'), \'''', '''100% of {tests} passed''', '''# not a comment''', '''ends a literal: \''' and continues''', '''''', ''''''], 'before_message':'''Ootan, et leiaks fraasi 'töötab\'''', 'passed_message':'''Leidsin fraasi "töötab"''', 'failed_message':'''Ei leidnud — kontrolli, kas kirjutasid\nmitmele reale''', 'data_category':'''EQUALS''', 'ignore_case':False}], contains_what='''PHRASE''', contains_what_arg='''the student's answer''', scope='''program''', scope_class_name=None, scope_function_name=None, type='''contains_test''', points_weight=1.0, id=1, name='''Kontrollib, kas õpilase programm töötab — ÕÄÖÜ šž ✓ 🎉''', inputs=None, passed_next=None, failed_next=None, visible_to_user=True)
print(Results(None))
